

***************************************************************************************
***                                                                                 ***
***                                LINK INFORMATION                                 ***
***                                                                                 ***
***************************************************************************************

Copyright (c) 2017-2019 SEGGER Microcontroller GmbH    www.segger.com
SEGGER Linker 2.34a compiled Apr 20 2020 19:07:21

Command line:
  --add-region
  FLASH1=0x00010000@0x08000000
  --add-region
  RAM1=0x00005000@0x20000000
  --defsym=__STACKSIZE__=1024
  --defsym=__STACKSIZE_PROCESS__=0
  --defsym=__HEAPSIZE__=1024
  --full-section-headers
  -ereset_handler
  --defsym=__vfprintf=__vfprintf_int_nwp
  --defsym=__vfscanf=__vfscanf_int
  --silent
  --list-all-undefineds
  --fatal-warnings
  -EL
  -mcpu=cortex-m3
  --gc-sections
  -T/usr/share/segger_embedded_studio_for_arm_4.52b/samples/SEGGER_Flash.icf
  -Map
  Output/stm32f103c8 Internal/Exe/stm32f103c8.map
  -u_vectors
  -o
  Output/stm32f103c8 Internal/Exe/stm32f103c8.elf
  --emit-relocs
  --start-group
  Output/stm32f103c8 stm32f103c8 Internal/Obj/Cortex_M_Startup.o
  Output/stm32f103c8 stm32f103c8 Internal/Obj/SEGGER_THUMB_Startup.o
  Output/stm32f103c8 stm32f103c8 Internal/Obj/main.o
  Output/stm32f103c8 stm32f103c8 Internal/Obj/stm32f1xx_it.o
  Output/stm32f103c8 stm32f103c8 Internal/Obj/stm32f1xx_hal_msp.o
  Output/stm32f103c8 stm32f103c8 Internal/Obj/stm32f1xx_hal_gpio_ex.o
  Output/stm32f103c8 stm32f103c8 Internal/Obj/stm32f1xx_hal_tim.o
  Output/stm32f103c8 stm32f103c8 Internal/Obj/stm32f1xx_hal_tim_ex.o
  Output/stm32f103c8 stm32f103c8 Internal/Obj/stm32f1xx_hal.o
  Output/stm32f103c8 stm32f103c8 Internal/Obj/stm32f1xx_hal_rcc.o
  Output/stm32f103c8 stm32f103c8 Internal/Obj/stm32f1xx_hal_rcc_ex.o
  Output/stm32f103c8 stm32f103c8 Internal/Obj/stm32f1xx_hal_gpio.o
  Output/stm32f103c8 stm32f103c8 Internal/Obj/stm32f1xx_hal_dma.o
  Output/stm32f103c8 stm32f103c8 Internal/Obj/stm32f1xx_hal_cortex.o
  Output/stm32f103c8 stm32f103c8 Internal/Obj/stm32f1xx_hal_pwr.o
  Output/stm32f103c8 stm32f103c8 Internal/Obj/stm32f1xx_hal_flash.o
  Output/stm32f103c8 stm32f103c8 Internal/Obj/stm32f1xx_hal_flash_ex.o
  Output/stm32f103c8 stm32f103c8 Internal/Obj/stm32f1xx_hal_exti.o
  Output/stm32f103c8 stm32f103c8 Internal/Obj/system_stm32f1xx.o
  /usr/share/segger_embedded_studio_for_arm_4.52b/lib/libdebugio_mempoll_v7m_t_le_eabi.a
  /usr/share/segger_embedded_studio_for_arm_4.52b/lib/libm_v7m_t_le_eabi.a
  /usr/share/segger_embedded_studio_for_arm_4.52b/lib/libc_v7m_t_le_eabi.a
  /usr/share/segger_embedded_studio_for_arm_4.52b/lib/libcpp_v7m_t_le_eabi.a
  /usr/share/segger_embedded_studio_for_arm_4.52b/lib/libdebugio_v7m_t_le_eabi.a
  /usr/share/segger_embedded_studio_for_arm_4.52b/lib/libvfprintf_v7m_t_le_eabi.o
  /usr/share/segger_embedded_studio_for_arm_4.52b/lib/libvfscanf_v7m_t_le_eabi.o
  --end-group


***************************************************************************************
***                                                                                 ***
***                                  LINKER SCRIPT                                  ***
***                                                                                 ***
***************************************************************************************

Read linker script from '/usr/share/segger_embedded_studio_for_arm_4.52b/samples/SEGGER_Flash.icf':
  
  // **********************************************************************
  // *                    SEGGER Microcontroller GmbH                     *
  // *                        The Embedded Experts                        *
  // **********************************************************************
  // *                                                                    *
  // *            (c) 2014 - 2020 SEGGER Microcontroller GmbH             *
  // *            (c) 2001 - 2020 Rowley Associates Limited               *
  // *                                                                    *
  // *           www.segger.com     Support: support@segger.com           *
  // *                                                                    *
  // **********************************************************************
  // *                                                                    *
  // * All rights reserved.                                               *
  // *                                                                    *
  // * Redistribution and use in source and binary forms, with or         *
  // * without modification, are permitted provided that the following    *
  // * conditions are met:                                                *
  // *                                                                    *
  // * - Redistributions of source code must retain the above copyright   *
  // *   notice, this list of conditions and the following disclaimer.    *
  // *                                                                    *
  // * - Neither the name of SEGGER Microcontroller GmbH                  *
  // *   nor the names of its contributors may be used to endorse or      *
  // *   promote products derived from this software without specific     *
  // *   prior written permission.                                        *
  // *                                                                    *
  // * THIS SOFTWARE IS PROVIDED BY THE COPYRIGHT HOLDERS AND             *
  // * CONTRIBUTORS "AS IS" AND ANY EXPRESS OR IMPLIED WARRANTIES,        *
  // * INCLUDING, BUT NOT LIMITED TO, THE IMPLIED WARRANTIES OF           *
  // * MERCHANTABILITY AND FITNESS FOR A PARTICULAR PURPOSE ARE           *
  // * DISCLAIMED.                                                        *
  // * IN NO EVENT SHALL SEGGER Microcontroller GmbH BE LIABLE FOR        *
  // * ANY DIRECT, INDIRECT, INCIDENTAL, SPECIAL, EXEMPLARY, OR           *
  // * CONSEQUENTIAL DAMAGES (INCLUDING, BUT NOT LIMITED TO, PROCUREMENT  *
  // * OF SUBSTITUTE GOODS OR SERVICES; LOSS OF USE, DATA, OR PROFITS;    *
  // * OR BUSINESS INTERRUPTION) HOWEVER CAUSED AND ON ANY THEORY OF      *
  // * LIABILITY, WHETHER IN CONTRACT, STRICT LIABILITY, OR TORT          *
  // * (INCLUDING NEGLIGENCE OR OTHERWISE) ARISING IN ANY WAY OUT OF THE  *
  // * USE OF THIS SOFTWARE, EVEN IF ADVISED OF THE POSSIBILITY OF SUCH   *
  // * DAMAGE.                                                            *
  // *                                                                    *
  // **********************************************************************
  
  define memory with size = 4G;
  
  //
  // Combined regions per memory type
  //
  define region FLASH = FLASH1;
  define region RAM   = RAM1;
  
  //
  // Block definitions
  //
  define block vectors                        { section .vectors };                         // Vector table section
  define block vectors_ram                    { section .vectors_ram };                     // Vector table section
  define block ctors                          { section .ctors,     section .ctors.*, block with         alphabetical order { init_array } };
  define block dtors                          { section .dtors,     section .dtors.*, block with reverse alphabetical order { fini_array } };
  define block exidx                          { section .ARM.exidx, section .ARM.exidx.* };
  define block tbss                           { section .tbss,      section .tbss.*  };
  define block tdata                          { section .tdata,     section .tdata.* };
  define block tls                            { block tbss, block tdata };
  define block tdata_load                     { copy of block tdata };
  define block heap  with size = __HEAPSIZE__,  alignment = 8, /* fill =0x00, */ readwrite access { };
  define block stack with size = __STACKSIZE__, alignment = 8, /* fill =0xCD, */ readwrite access { };
  //
  // Explicit initialization settings for sections
  //
  do not initialize                           { section .non_init, section .non_init.*, section .*.non_init, section .*.non_init.* };
  initialize by copy /* with packing=auto */  { section .data, section .data.*, section .*.data, section .*.data.* };
  initialize by copy /* with packing=auto */  { section .fast, section .fast.* };
  
  //
  // Explicit placement in FLASHn
  //
  place in FLASH1                             { section .FLASH1, section .FLASH1.* };
  //
  // FLASH Placement
  //
  place at start of FLASH                     { block vectors };                         // Vector table section
  place in FLASH with minimum size order      { section .init,   section .init.*,        // Init code section
                                                section .init_rodata, section .init_rodata.*, // Init read-only section
                                                section .text,   section .text.*,        // Code section
                                                section .rodata, section .rodata.*,      // Read-only data section
                                                section .segger.*,                       // Auto-generated initialization
                                                block exidx,                             // ARM exception unwinding block
                                                block ctors,                             // Constructors block
                                                block dtors };                           // Destructors block
  place in FLASH                              { block tdata_load };                      // Thread-local-storage load image
  
  //
  // Explicit placement in RAMn
  //
  place in RAM1                               { section .RAM1, section .RAM1.* };
  //
  // RAM Placement
  //
  place at start of RAM                       { block vectors_ram };
  place in RAM                                { section .non_init, section .non_init.*,  // No initialization section
                                                block tls };                             // Thread-local-storage block
  place in RAM with auto order                { section .fast, section .fast.*,          // "ramfunc" section
                                                section .data, section .data.*,          // Initialized data section
                                                section .bss, section .bss.*
                                              };          // Static data section
  place in RAM                                { block heap };           // Heap reserved block
  place at end of RAM                         { block stack };          // Stack reserved block at the end


***************************************************************************************
***                                                                                 ***
***                                PLACEMENT SUMMARY                                ***
***                                                                                 ***
***************************************************************************************

place at 0x08000000

  Section                  Type  Address       Size  Align  Object
  -------                  ----  -------       ----  -----  ------
  .vectors                 Code  08000000      0xc0      2  Cortex_M_Startup.o

place at 0x20000000

  Section                  Type  Address       Size  Align  Object
  -------                  ----  -------       ----  -----  ------

place at 0x20005000

  Section                  Type  Address       Size  Align  Object
  -------                  ----  -------       ----  -----  ------

"<#3> at line 76, col 45": place in [0x08000000 to 0x0800ffff] with auto order

  Section                  Type  Address       Size  Align  Object
  -------                  ----  -------       ----  -----  ------

"<#5> at line 81, col 45": place in [0x08000000 to 0x0800ffff] with maximum packing

  Section                  Type  Address       Size  Align  Object
  -------                  ----  -------       ----  -----  ------
  .text.MX_GPIO_Init       Code  080000c0      0x60      4  main.o
  .text.HAL_MspInit        Code  08000120      0x5c      4  stm32f1xx_hal_msp.o
  .text.HAL_Init           Code  0800017c      0x28      4  stm32f1xx_hal.o
  .text.HAL_InitTick       Code  080001a4      0x60      4  stm32f1xx_hal.o
  .text.HAL_IncTick        Code  08000204      0x1c      4  stm32f1xx_hal.o
  .text.HAL_GetTick        Code  08000220       0xc      4  stm32f1xx_hal.o
  .text.HAL_RCC_OscConfig  Code  0800022c     0x504      4  stm32f1xx_hal_rcc.o
  .text.HAL_RCC_ClockConfig
                           Code  08000730     0x1d0      4  stm32f1xx_hal_rcc.o
  .text.HAL_RCC_GetSysClockFreq
                           Code  08000900      0xb8      4  stm32f1xx_hal_rcc.o
  .text.RCC_Delay          Code  080009b8      0x34      4  stm32f1xx_hal_rcc.o
  .text.HAL_GPIO_Init      Code  080009ec     0x300      4  stm32f1xx_hal_gpio.o
  .text.__NVIC_SetPriorityGrouping
                           Code  08000cec      0x40      4  stm32f1xx_hal_cortex.o
  .text.__NVIC_GetPriorityGrouping
                           Code  08000d2c      0x14      4  stm32f1xx_hal_cortex.o
  .text.__NVIC_SetPriority
                           Code  08000d40      0x50      4  stm32f1xx_hal_cortex.o
  .text.SysTick_Config     Code  08000d90      0x40      4  stm32f1xx_hal_cortex.o
  .text.SystemInit         Code  08000dd0      0x60      4  system_stm32f1xx.o
  .rodata.AHBPrescTable    Cnst  08000e30      0x10      4  system_stm32f1xx.o
  .init                    Code  08000e40      0x64      4  Cortex_M_Startup.o
  .init                    Code  08000ea4      0x64      4  SEGGER_THUMB_Startup.o
  .rodata                  Cnst  08000f08      0x10      4  stm32f1xx_hal_rcc.o
  .segger.init.table       Cnst  08001110      0x20      4  - Linker created -
  .segger.init.data        Cnst  08001130       0x9      4  - Linker created -
  .text.HardFault_Handler  Code  08000f18       0x2      2  stm32f1xx_it.o
  .text.MemManage_Handler  Code  08000f1a       0x2      2  stm32f1xx_it.o
  .text.BusFault_Handler   Code  08000f1c       0x2      2  stm32f1xx_it.o
  .text.UsageFault_Handler
                           Code  08000f1e       0x2      2  stm32f1xx_it.o
  .text.SysTick_Handler    Code  08000f20       0xa      2  stm32f1xx_it.o
  .text.HAL_GPIO_WritePin  Code  08000f2a      0x32      2  stm32f1xx_hal_gpio.o
  .text.HAL_SYSTICK_Config
                           Code  08000f5c      0x16      2  stm32f1xx_hal_cortex.o
  .text.libc.memset        Code  08000f72      0x66      2  libc2_asm.o (libc_v7m_t_le_eabi.a)
  .segger.init.__SEGGER_init_zero
                           Code  0800113a      0x16      2  SEGGER_THUMB_Startup.o
  .segger.init.__SEGGER_init_copy
                           Code  08001150      0x1a      2  SEGGER_THUMB_Startup.o
  .text.main               Code  08000fd8      0x10      2  main.o
  .text.SystemClock_Config
                           Code  08000fe8      0x70      2  main.o
  .text.Error_Handler      Code  08001058       0x4      2  main.o
  .text.NMI_Handler        Code  0800105c       0x4      2  stm32f1xx_it.o
  .text.SVC_Handler        Code  08001060       0x4      2  stm32f1xx_it.o
  .text.DebugMon_Handler   Code  08001064       0x4      2  stm32f1xx_it.o
  .text.PendSV_Handler     Code  08001068       0x4      2  stm32f1xx_it.o
  .text.NVIC_EncodePriority
                           Code  0800106c      0x58      2  stm32f1xx_hal_cortex.o
  .text.HAL_NVIC_SetPriorityGrouping
                           Code  080010c4      0x14      2  stm32f1xx_hal_cortex.o
  .text.HAL_NVIC_SetPriority
                           Code  080010d8      0x38      2  stm32f1xx_hal_cortex.o
  .rodata.block.tdata.copy
                           Cnst  08001110                1  - Linker created -

"<#6> at line 89, col 45": place in [0x08000000 to 0x0800ffff] with auto order

  Section                  Type  Address       Size  Align  Object
  -------                  ----  -------       ----  -----  ------

"<#7> at line 94, col 45": place in [0x20000000 to 0x20004fff] with auto order

  Section                  Type  Address       Size  Align  Object
  -------                  ----  -------       ----  -----  ------

"<#9> at line 99, col 45": place in [0x20000000 to 0x20004fff] with auto order

  Section                  Type  Address       Size  Align  Object
  -------                  ----  -------       ----  -----  ------

"<#10> at line 101, col 45": place in [0x20000000 to 0x20004fff] with auto order

  Section                  Type  Address       Size  Align  Object
  -------                  ----  -------       ----  -----  ------
  .data.uwTickPrio         Init  20000000       0x4      4  stm32f1xx_hal.o
  .data.SystemCoreClock    Init  20000004       0x4      4  system_stm32f1xx.o
  .data.uwTickFreq         Init  20000008       0x1      1  stm32f1xx_hal.o
  .bss.uwTick              Zero  2000000c       0x4      4  stm32f1xx_hal.o

"<#11> at line 105, col 45": place in [0x20000000 to 0x20004fff] with auto order

  Section                  Type  Address       Size  Align  Object
  -------                  ----  -------       ----  -----  ------


***************************************************************************************
***                                                                                 ***
***                              INITIALIZATION TABLE                               ***
***                                                                                 ***
***************************************************************************************

Zero (__SEGGER_init_zero)
    1 destination range, total size 0x4
          [0x2000000c to 0x2000000f]
    1 initialized sections:
          [0x2000000c to 0x2000000f]  section .bss.uwTick from stm32f1xx_hal.o, align=4

Copy packing=copy (__SEGGER_init_copy)
    1 source range, total size 0x9 (100% of destination)
          [0x08001130 to 0x08001138]
    1 destination range, total size 0x9
          [0x20000000 to 0x20000008]
    3 initialized sections:
          [0x20000000 to 0x20000003]  section .data.uwTickPrio from stm32f1xx_hal.o, align=4
          [0x20000004 to 0x20000007]  section .data.SystemCoreClock from system_stm32f1xx.o, align=4
          [0x20000008 to 0x20000008]  section .data.uwTickFreq from stm32f1xx_hal.o, align=1

Totals:
    Initialization table:     0x20 bytes
    Source image:              0x9 bytes
    Destination image:         0x9 bytes


***************************************************************************************
***                                                                                 ***
***                                 MODULE SUMMARY                                  ***
***                                                                                 ***
***************************************************************************************

                                            Object      Code  RO Data  RW Data  ZI Data
---------------------------------------------------------------------------------------
                                Cortex_M_Startup.o       292                            
                            SEGGER_THUMB_Startup.o       148                            
                libc2_asm.o (libc_v7m_t_le_eabi.a)       102                            
                                            main.o       228                            
                                   stm32f1xx_hal.o       176                 5        4 
                            stm32f1xx_hal_cortex.o       414                            
                              stm32f1xx_hal_gpio.o       818                            
                               stm32f1xx_hal_msp.o        92                            
                               stm32f1xx_hal_rcc.o      1984       16                   
                                    stm32f1xx_it.o        34                            
                                system_stm32f1xx.o        96       16        4          
                                                    ===================================
                                            Total:      4384       32        9        4
                                                    ===================================


***************************************************************************************
***                                                                                 ***
***                                   SYMBOL LIST                                   ***
***                                                                                 ***
***************************************************************************************

Symbols by value

  Symbol                   Value         Size  Align  Type      Object
  ------                   -----         ----  -----  ----      ------
  __STACKSIZE_PROCESS__    00000000                   ----  Gb  - Linker created -
  vectors_ram$$Length      00000000                   ----  Gb  - Linker created -
  __vectors_ram_size__     00000000                   ----  Gb  - Linker created -
  __vectors_ram_size       00000000                   ----  Gb  - Linker created -
  ctors$$Length            00000000                   ----  Gb  - Linker created -
  __ctors_size__           00000000                   ----  Gb  - Linker created -
  __ctors_size             00000000                   ----  Gb  - Linker created -
  dtors$$Length            00000000                   ----  Gb  - Linker created -
  __dtors_size__           00000000                   ----  Gb  - Linker created -
  __dtors_size             00000000                   ----  Gb  - Linker created -
  exidx$$Length            00000000                   ----  Gb  - Linker created -
  __exidx_size__           00000000                   ----  Gb  - Linker created -
  __exidx_size             00000000                   ----  Gb  - Linker created -
  tbss$$Length             00000000                   ----  Gb  - Linker created -
  __tbss_size__            00000000                   ----  Gb  - Linker created -
  __tbss_size              00000000                   ----  Gb  - Linker created -
  tdata$$Length            00000000                   ----  Gb  - Linker created -
  __tdata_size__           00000000                   ----  Gb  - Linker created -
  __tdata_size             00000000                   ----  Gb  - Linker created -
  tls$$Length              00000000                   ----  Gb  - Linker created -
  __tls_size__             00000000                   ----  Gb  - Linker created -
  __tls_size               00000000                   ----  Gb  - Linker created -
  tdata_load$$Length       00000000                   ----  Gb  - Linker created -
  __tdata_load_size__      00000000                   ----  Gb  - Linker created -
  __tdata_load_size        00000000                   ----  Gb  - Linker created -
  vectors$$Length          000000c0                   ----  Gb  - Linker created -
  __vectors_size__         000000c0                   ----  Gb  - Linker created -
  __vectors_size           000000c0                   ----  Gb  - Linker created -
  __STACKSIZE__            00000400                   ----  Gb  - Linker created -
  __HEAPSIZE__             00000400                   ----  Gb  - Linker created -
  heap$$Length             00000400                   ----  Gb  - Linker created -
  __heap_size__            00000400                   ----  Gb  - Linker created -
  __heap_size              00000400                   ----  Gb  - Linker created -
  stack$$Length            00000400                   ----  Gb  - Linker created -
  __stack_size__           00000400                   ----  Gb  - Linker created -
  __stack_size             00000400                   ----  Gb  - Linker created -
  __FLASH_segment_used_size__
                           0000116a                   ----  Gb  - Linker created -
  __FLASH1_segment_used_size__
                           0000116a                   ----  Gb  - Linker created -
  __RAM_segment_size__     00005000                   ----  Gb  - Linker created -
  __RAM_segment_used_size__
                           00005000                   ----  Gb  - Linker created -
  __RAM1_segment_size__    00005000                   ----  Gb  - Linker created -
  __RAM1_segment_used_size__
                           00005000                   ----  Gb  - Linker created -
  __FLASH_segment_size__   00010000                   ----  Gb  - Linker created -
  __FLASH1_segment_size__  00010000                   ----  Gb  - Linker created -
  _vectors                 08000000      0xc0      2  Code  Gb  Cortex_M_Startup.o
  vectors$$Base            08000000                   ----  Gb  - Linker created -
  __vectors_start__        08000000                   ----  Gb  - Linker created -
  __vectors_start          08000000                   ----  Gb  - Linker created -
  __FLASH_segment_start__  08000000                   ----  Gb  - Linker created -
  __FLASH_segment_used_start__
                           08000000                   ----  Gb  - Linker created -
  __FLASH1_segment_start__
                           08000000                   ----  Gb  - Linker created -
  __FLASH1_segment_used_start__
                           08000000                   ----  Gb  - Linker created -
  _vectors_end             080000c0      0xc0      2  Code  Lc  Cortex_M_Startup.o
  vectors$$Limit           080000c0                   ----  Gb  - Linker created -
  __vectors_end__          080000c0                   ----  Gb  - Linker created -
  __vectors_end            080000c0                   ----  Gb  - Linker created -
  MX_GPIO_Init             080000c1      0x60      4  Code  Lc  main.o
  HAL_MspInit              08000121      0x5c      4  Code  Gb  stm32f1xx_hal_msp.o
  HAL_Init                 0800017d      0x28      4  Code  Gb  stm32f1xx_hal.o
  HAL_InitTick             080001a5      0x60      4  Code  Wk  stm32f1xx_hal.o
  HAL_IncTick              08000205      0x1c      4  Code  Wk  stm32f1xx_hal.o
  HAL_GetTick              08000221       0xc      4  Code  Wk  stm32f1xx_hal.o
  HAL_RCC_OscConfig        0800022d     0x504      4  Code  Gb  stm32f1xx_hal_rcc.o
  HAL_RCC_ClockConfig      08000731     0x1d0      4  Code  Gb  stm32f1xx_hal_rcc.o
  HAL_RCC_GetSysClockFreq  08000901      0xb8      4  Code  Gb  stm32f1xx_hal_rcc.o
  RCC_Delay                080009b9      0x34      4  Code  Lc  stm32f1xx_hal_rcc.o
  HAL_GPIO_Init            080009ed     0x300      4  Code  Gb  stm32f1xx_hal_gpio.o
  __NVIC_SetPriorityGrouping
                           08000ced      0x40      4  Code  Lc  stm32f1xx_hal_cortex.o
  __NVIC_GetPriorityGrouping
                           08000d2d      0x14      4  Code  Lc  stm32f1xx_hal_cortex.o
  __NVIC_SetPriority       08000d41      0x50      4  Code  Lc  stm32f1xx_hal_cortex.o
  SysTick_Config           08000d91      0x40      4  Code  Lc  stm32f1xx_hal_cortex.o
  SystemInit               08000dd1      0x60      4  Code  Gb  system_stm32f1xx.o
  AHBPrescTable            08000e30      0x10      4  Cnst  Gb  system_stm32f1xx.o
  NMI_Handler              08000e41      0x64      4  Code  Wk  Cortex_M_Startup.o
  HardFault_Handler        08000e43      0x64      4  Code  Wk  Cortex_M_Startup.o
  MemManage_Handler        08000e45      0x64      4  Code  Wk  Cortex_M_Startup.o
  BusFault_Handler         08000e47      0x64      4  Code  Wk  Cortex_M_Startup.o
  UsageFault_Handler       08000e49      0x64      4  Code  Wk  Cortex_M_Startup.o
  SVC_Handler              08000e4b      0x64      4  Code  Wk  Cortex_M_Startup.o
  DebugMon_Handler         08000e4d      0x64      4  Code  Wk  Cortex_M_Startup.o
  PendSV_Handler           08000e4f      0x64      4  Code  Wk  Cortex_M_Startup.o
  SysTick_Handler          08000e51      0x64      4  Code  Wk  Cortex_M_Startup.o
  ExternalISR0             08000e53      0x64      4  Code  Wk  Cortex_M_Startup.o
  ExternalISR1             08000e55      0x64      4  Code  Wk  Cortex_M_Startup.o
  ExternalISR2             08000e57      0x64      4  Code  Wk  Cortex_M_Startup.o
  ExternalISR3             08000e59      0x64      4  Code  Wk  Cortex_M_Startup.o
  ExternalISR4             08000e5b      0x64      4  Code  Wk  Cortex_M_Startup.o
  ExternalISR5             08000e5d      0x64      4  Code  Wk  Cortex_M_Startup.o
  ExternalISR6             08000e5f      0x64      4  Code  Wk  Cortex_M_Startup.o
  ExternalISR7             08000e61      0x64      4  Code  Wk  Cortex_M_Startup.o
  ExternalISR8             08000e63      0x64      4  Code  Wk  Cortex_M_Startup.o
  ExternalISR9             08000e65      0x64      4  Code  Wk  Cortex_M_Startup.o
  ExternalISR10            08000e67      0x64      4  Code  Wk  Cortex_M_Startup.o
  ExternalISR11            08000e69      0x64      4  Code  Wk  Cortex_M_Startup.o
  ExternalISR12            08000e6b      0x64      4  Code  Wk  Cortex_M_Startup.o
  ExternalISR13            08000e6d      0x64      4  Code  Wk  Cortex_M_Startup.o
  ExternalISR14            08000e6f      0x64      4  Code  Wk  Cortex_M_Startup.o
  ExternalISR15            08000e71      0x64      4  Code  Wk  Cortex_M_Startup.o
  ExternalISR16            08000e73      0x64      4  Code  Wk  Cortex_M_Startup.o
  ExternalISR17            08000e75      0x64      4  Code  Wk  Cortex_M_Startup.o
  ExternalISR18            08000e77      0x64      4  Code  Wk  Cortex_M_Startup.o
  ExternalISR19            08000e79      0x64      4  Code  Wk  Cortex_M_Startup.o
  ExternalISR20            08000e7b      0x64      4  Code  Wk  Cortex_M_Startup.o
  ExternalISR21            08000e7d      0x64      4  Code  Wk  Cortex_M_Startup.o
  ExternalISR22            08000e7f      0x64      4  Code  Wk  Cortex_M_Startup.o
  ExternalISR23            08000e81      0x64      4  Code  Wk  Cortex_M_Startup.o
  ExternalISR24            08000e83      0x64      4  Code  Wk  Cortex_M_Startup.o
  ExternalISR25            08000e85      0x64      4  Code  Wk  Cortex_M_Startup.o
  ExternalISR26            08000e87      0x64      4  Code  Wk  Cortex_M_Startup.o
  ExternalISR27            08000e89      0x64      4  Code  Wk  Cortex_M_Startup.o
  ExternalISR28            08000e8b      0x64      4  Code  Wk  Cortex_M_Startup.o
  ExternalISR29            08000e8d      0x64      4  Code  Wk  Cortex_M_Startup.o
  ExternalISR30            08000e8f      0x64      4  Code  Wk  Cortex_M_Startup.o
  ExternalISR31            08000e91      0x64      4  Code  Wk  Cortex_M_Startup.o
  reset_handler            08000e93      0x64      4  Code  Gb  Cortex_M_Startup.o
  Reset_Handler            08000e93      0x64      4  Code  Gb  Cortex_M_Startup.o
  SystemInit               08000e9f      0x64      4  Code  Wk  Cortex_M_Startup.o
  _start                   08000ea5      0x64      4  Code  Gb  SEGGER_THUMB_Startup.o
  ctor_loop                08000ecc      0x64      4  Code  Lc  SEGGER_THUMB_Startup.o
  ctor_end                 08000edc      0x64      4  Code  Lc  SEGGER_THUMB_Startup.o
  start                    08000ee3      0x64      4  Code  Lc  SEGGER_THUMB_Startup.o
  exit_loop                08000eea      0x64      4  Code  Lc  SEGGER_THUMB_Startup.o
  exit                     08000eeb      0x64      4  Code  Wk  SEGGER_THUMB_Startup.o
  HardFault_Handler        08000f19       0x2      2  Code  Gb  stm32f1xx_it.o
  MemManage_Handler        08000f1b       0x2      2  Code  Gb  stm32f1xx_it.o
  BusFault_Handler         08000f1d       0x2      2  Code  Gb  stm32f1xx_it.o
  UsageFault_Handler       08000f1f       0x2      2  Code  Gb  stm32f1xx_it.o
  SysTick_Handler          08000f21       0xa      2  Code  Gb  stm32f1xx_it.o
  HAL_GPIO_WritePin        08000f2b      0x32      2  Code  Gb  stm32f1xx_hal_gpio.o
  HAL_SYSTICK_Config       08000f5d      0x16      2  Code  Gb  stm32f1xx_hal_cortex.o
  memset                   08000f73      0x66      2  Code  Wk  libc2_asm.o (libc_v7m_t_le_eabi.a)
  main                     08000fd9      0x10      2  Code  Gb  main.o
  SystemClock_Config       08000fe9      0x70      2  Code  Gb  main.o
  Error_Handler            08001059       0x4      2  Code  Gb  main.o
  NMI_Handler              0800105d       0x4      2  Code  Gb  stm32f1xx_it.o
  SVC_Handler              08001061       0x4      2  Code  Gb  stm32f1xx_it.o
  DebugMon_Handler         08001065       0x4      2  Code  Gb  stm32f1xx_it.o
  PendSV_Handler           08001069       0x4      2  Code  Gb  stm32f1xx_it.o
  NVIC_EncodePriority      0800106d      0x58      2  Code  Lc  stm32f1xx_hal_cortex.o
  HAL_NVIC_SetPriorityGrouping
                           080010c5      0x14      2  Code  Gb  stm32f1xx_hal_cortex.o
  HAL_NVIC_SetPriority     080010d9      0x38      2  Code  Gb  stm32f1xx_hal_cortex.o
  ctors$$Base              08001110                   ----  Gb  - Linker created -
  ctors$$Limit             08001110                   ----  Gb  - Linker created -
  __ctors_start__          08001110                   ----  Gb  - Linker created -
  __ctors_end__            08001110                   ----  Gb  - Linker created -
  __ctors_start            08001110                   ----  Gb  - Linker created -
  __ctors_end              08001110                   ----  Gb  - Linker created -
  dtors$$Base              08001110                   ----  Gb  - Linker created -
  dtors$$Limit             08001110                   ----  Gb  - Linker created -
  __dtors_start__          08001110                   ----  Gb  - Linker created -
  __dtors_end__            08001110                   ----  Gb  - Linker created -
  __dtors_start            08001110                   ----  Gb  - Linker created -
  __dtors_end              08001110                   ----  Gb  - Linker created -
  exidx$$Base              08001110                   ----  Gb  - Linker created -
  exidx$$Limit             08001110                   ----  Gb  - Linker created -
  __exidx_start__          08001110                   ----  Gb  - Linker created -
  __exidx_end__            08001110                   ----  Gb  - Linker created -
  __exidx_start            08001110                   ----  Gb  - Linker created -
  __exidx_end              08001110                   ----  Gb  - Linker created -
  tdata_load$$Base         08001110                   ----  Gb  - Linker created -
  tdata_load$$Limit        08001110                   ----  Gb  - Linker created -
  __tdata_load_start__     08001110                   ----  Gb  - Linker created -
  __tdata_load_end__       08001110                   ----  Gb  - Linker created -
  __tdata_load_start       08001110                   ----  Gb  - Linker created -
  __tdata_load_end         08001110                   ----  Gb  - Linker created -
  __SEGGER_init_table__    08001110      0x20      4  Cnst  Lc  - Linker created -
  __SEGGER_init_data__     08001130       0x9      4  Cnst  Lc  - Linker created -
  __SEGGER_init_zero       0800113b      0x16      2  Code  Gb  SEGGER_THUMB_Startup.o
  __SEGGER_init_copy       08001151      0x1a      2  Code  Gb  SEGGER_THUMB_Startup.o
  __FLASH_segment_used_end__
                           0800116a                   ----  Gb  - Linker created -
  __FLASH1_segment_used_end__
                           0800116a                   ----  Gb  - Linker created -
  __FLASH_segment_end__    08010000                   ----  Gb  - Linker created -
  __FLASH1_segment_end__   08010000                   ----  Gb  - Linker created -
  uwTickPrio               20000000       0x4      4  Data  Gb  stm32f1xx_hal.o
  vectors_ram$$Base        20000000                   ----  Gb  - Linker created -
  vectors_ram$$Limit       20000000                   ----  Gb  - Linker created -
  __vectors_ram_start__    20000000                   ----  Gb  - Linker created -
  __vectors_ram_end__      20000000                   ----  Gb  - Linker created -
  __vectors_ram_start      20000000                   ----  Gb  - Linker created -
  __vectors_ram_end        20000000                   ----  Gb  - Linker created -
  tbss$$Base               20000000                   ----  Gb  - Linker created -
  tbss$$Limit              20000000                   ----  Gb  - Linker created -
  __tbss_start__           20000000                   ----  Gb  - Linker created -
  __tbss_end__             20000000                   ----  Gb  - Linker created -
  __tbss_start             20000000                   ----  Gb  - Linker created -
  __tbss_end               20000000                   ----  Gb  - Linker created -
  tdata$$Base              20000000                   ----  Gb  - Linker created -
  tdata$$Limit             20000000                   ----  Gb  - Linker created -
  __tdata_start__          20000000                   ----  Gb  - Linker created -
  __tdata_end__            20000000                   ----  Gb  - Linker created -
  __tdata_start            20000000                   ----  Gb  - Linker created -
  __tdata_end              20000000                   ----  Gb  - Linker created -
  tls$$Base                20000000                   ----  Gb  - Linker created -
  tls$$Limit               20000000                   ----  Gb  - Linker created -
  __tls_start__            20000000                   ----  Gb  - Linker created -
  __tls_end__              20000000                   ----  Gb  - Linker created -
  __tls_start              20000000                   ----  Gb  - Linker created -
  __tls_end                20000000                   ----  Gb  - Linker created -
  __RAM_segment_start__    20000000                   ----  Gb  - Linker created -
  __RAM_segment_used_start__
                           20000000                   ----  Gb  - Linker created -
  __RAM1_segment_start__   20000000                   ----  Gb  - Linker created -
  __RAM1_segment_used_start__
                           20000000                   ----  Gb  - Linker created -
  SystemCoreClock          20000004       0x4      4  Data  Gb  system_stm32f1xx.o
  uwTickFreq               20000008       0x1         Data  Gb  stm32f1xx_hal.o
  uwTick                   2000000c       0x4      4  Data  Gb  stm32f1xx_hal.o
  heap$$Base               20000010                   ----  Gb  - Linker created -
  __heap_start__           20000010                   ----  Gb  - Linker created -
  __heap_start             20000010                   ----  Gb  - Linker created -
  heap$$Limit              20000410                   ----  Gb  - Linker created -
  __heap_end__             20000410                   ----  Gb  - Linker created -
  __heap_end               20000410                   ----  Gb  - Linker created -
  stack$$Base              20004c00                   ----  Gb  - Linker created -
  __stack_start__          20004c00                   ----  Gb  - Linker created -
  __stack_start            20004c00                   ----  Gb  - Linker created -
  stack$$Limit             20005000                   ----  Gb  - Linker created -
  __stack_end__            20005000                   ----  Gb  - Linker created -
  __stack_end              20005000                   ----  Gb  - Linker created -
  __RAM_segment_end__      20005000                   ----  Gb  - Linker created -
  __RAM_segment_used_end__
                           20005000                   ----  Gb  - Linker created -
  __RAM1_segment_end__     20005000                   ----  Gb  - Linker created -
  __RAM1_segment_used_end__
                           20005000                   ----  Gb  - Linker created -

Symbols by name

  Symbol                   Value         Size  Align  Type      Object
  ------                   -----         ----  -----  ----      ------
  AHBPrescTable            08000e30      0x10      4  Cnst  Gb  system_stm32f1xx.o
  BusFault_Handler         08000e47      0x64      4  Code  Wk  Cortex_M_Startup.o
  BusFault_Handler         08000f1d       0x2      2  Code  Gb  stm32f1xx_it.o
  DebugMon_Handler         08000e4d      0x64      4  Code  Wk  Cortex_M_Startup.o
  DebugMon_Handler         08001065       0x4      2  Code  Gb  stm32f1xx_it.o
  Error_Handler            08001059       0x4      2  Code  Gb  main.o
  ExternalISR0             08000e53      0x64      4  Code  Wk  Cortex_M_Startup.o
  ExternalISR1             08000e55      0x64      4  Code  Wk  Cortex_M_Startup.o
  ExternalISR10            08000e67      0x64      4  Code  Wk  Cortex_M_Startup.o
  ExternalISR11            08000e69      0x64      4  Code  Wk  Cortex_M_Startup.o
  ExternalISR12            08000e6b      0x64      4  Code  Wk  Cortex_M_Startup.o
  ExternalISR13            08000e6d      0x64      4  Code  Wk  Cortex_M_Startup.o
  ExternalISR14            08000e6f      0x64      4  Code  Wk  Cortex_M_Startup.o
  ExternalISR15            08000e71      0x64      4  Code  Wk  Cortex_M_Startup.o
  ExternalISR16            08000e73      0x64      4  Code  Wk  Cortex_M_Startup.o
  ExternalISR17            08000e75      0x64      4  Code  Wk  Cortex_M_Startup.o
  ExternalISR18            08000e77      0x64      4  Code  Wk  Cortex_M_Startup.o
  ExternalISR19            08000e79      0x64      4  Code  Wk  Cortex_M_Startup.o
  ExternalISR2             08000e57      0x64      4  Code  Wk  Cortex_M_Startup.o
  ExternalISR20            08000e7b      0x64      4  Code  Wk  Cortex_M_Startup.o
  ExternalISR21            08000e7d      0x64      4  Code  Wk  Cortex_M_Startup.o
  ExternalISR22            08000e7f      0x64      4  Code  Wk  Cortex_M_Startup.o
  ExternalISR23            08000e81      0x64      4  Code  Wk  Cortex_M_Startup.o
  ExternalISR24            08000e83      0x64      4  Code  Wk  Cortex_M_Startup.o
  ExternalISR25            08000e85      0x64      4  Code  Wk  Cortex_M_Startup.o
  ExternalISR26            08000e87      0x64      4  Code  Wk  Cortex_M_Startup.o
  ExternalISR27            08000e89      0x64      4  Code  Wk  Cortex_M_Startup.o
  ExternalISR28            08000e8b      0x64      4  Code  Wk  Cortex_M_Startup.o
  ExternalISR29            08000e8d      0x64      4  Code  Wk  Cortex_M_Startup.o
  ExternalISR3             08000e59      0x64      4  Code  Wk  Cortex_M_Startup.o
  ExternalISR30            08000e8f      0x64      4  Code  Wk  Cortex_M_Startup.o
  ExternalISR31            08000e91      0x64      4  Code  Wk  Cortex_M_Startup.o
  ExternalISR4             08000e5b      0x64      4  Code  Wk  Cortex_M_Startup.o
  ExternalISR5             08000e5d      0x64      4  Code  Wk  Cortex_M_Startup.o
  ExternalISR6             08000e5f      0x64      4  Code  Wk  Cortex_M_Startup.o
  ExternalISR7             08000e61      0x64      4  Code  Wk  Cortex_M_Startup.o
  ExternalISR8             08000e63      0x64      4  Code  Wk  Cortex_M_Startup.o
  ExternalISR9             08000e65      0x64      4  Code  Wk  Cortex_M_Startup.o
  HAL_GPIO_Init            080009ed     0x300      4  Code  Gb  stm32f1xx_hal_gpio.o
  HAL_GPIO_WritePin        08000f2b      0x32      2  Code  Gb  stm32f1xx_hal_gpio.o
  HAL_GetTick              08000221       0xc      4  Code  Wk  stm32f1xx_hal.o
  HAL_IncTick              08000205      0x1c      4  Code  Wk  stm32f1xx_hal.o
  HAL_Init                 0800017d      0x28      4  Code  Gb  stm32f1xx_hal.o
  HAL_InitTick             080001a5      0x60      4  Code  Wk  stm32f1xx_hal.o
  HAL_MspInit              08000121      0x5c      4  Code  Gb  stm32f1xx_hal_msp.o
  HAL_NVIC_SetPriority     080010d9      0x38      2  Code  Gb  stm32f1xx_hal_cortex.o
  HAL_NVIC_SetPriorityGrouping
                           080010c5      0x14      2  Code  Gb  stm32f1xx_hal_cortex.o
  HAL_RCC_ClockConfig      08000731     0x1d0      4  Code  Gb  stm32f1xx_hal_rcc.o
  HAL_RCC_GetSysClockFreq  08000901      0xb8      4  Code  Gb  stm32f1xx_hal_rcc.o
  HAL_RCC_OscConfig        0800022d     0x504      4  Code  Gb  stm32f1xx_hal_rcc.o
  HAL_SYSTICK_Config       08000f5d      0x16      2  Code  Gb  stm32f1xx_hal_cortex.o
  HardFault_Handler        08000e43      0x64      4  Code  Wk  Cortex_M_Startup.o
  HardFault_Handler        08000f19       0x2      2  Code  Gb  stm32f1xx_it.o
  MX_GPIO_Init             080000c1      0x60      4  Code  Lc  main.o
  MemManage_Handler        08000e45      0x64      4  Code  Wk  Cortex_M_Startup.o
  MemManage_Handler        08000f1b       0x2      2  Code  Gb  stm32f1xx_it.o
  NMI_Handler              08000e41      0x64      4  Code  Wk  Cortex_M_Startup.o
  NMI_Handler              0800105d       0x4      2  Code  Gb  stm32f1xx_it.o
  NVIC_EncodePriority      0800106d      0x58      2  Code  Lc  stm32f1xx_hal_cortex.o
  PendSV_Handler           08000e4f      0x64      4  Code  Wk  Cortex_M_Startup.o
  PendSV_Handler           08001069       0x4      2  Code  Gb  stm32f1xx_it.o
  RCC_Delay                080009b9      0x34      4  Code  Lc  stm32f1xx_hal_rcc.o
  Reset_Handler            08000e93      0x64      4  Code  Gb  Cortex_M_Startup.o
  SVC_Handler              08000e4b      0x64      4  Code  Wk  Cortex_M_Startup.o
  SVC_Handler              08001061       0x4      2  Code  Gb  stm32f1xx_it.o
  SysTick_Config           08000d91      0x40      4  Code  Lc  stm32f1xx_hal_cortex.o
  SysTick_Handler          08000e51      0x64      4  Code  Wk  Cortex_M_Startup.o
  SysTick_Handler          08000f21       0xa      2  Code  Gb  stm32f1xx_it.o
  SystemClock_Config       08000fe9      0x70      2  Code  Gb  main.o
  SystemCoreClock          20000004       0x4      4  Data  Gb  system_stm32f1xx.o
  SystemInit               08000dd1      0x60      4  Code  Gb  system_stm32f1xx.o
  SystemInit               08000e9f      0x64      4  Code  Wk  Cortex_M_Startup.o
  UsageFault_Handler       08000e49      0x64      4  Code  Wk  Cortex_M_Startup.o
  UsageFault_Handler       08000f1f       0x2      2  Code  Gb  stm32f1xx_it.o
  __FLASH1_segment_end__   08010000                   ----  Gb  - Linker created -
  __FLASH1_segment_size__  00010000                   ----  Gb  - Linker created -
  __FLASH1_segment_start__
                           08000000                   ----  Gb  - Linker created -
  __FLASH1_segment_used_end__
                           0800116a                   ----  Gb  - Linker created -
  __FLASH1_segment_used_size__
                           0000116a                   ----  Gb  - Linker created -
  __FLASH1_segment_used_start__
                           08000000                   ----  Gb  - Linker created -
  __FLASH_segment_end__    08010000                   ----  Gb  - Linker created -
  __FLASH_segment_size__   00010000                   ----  Gb  - Linker created -
  __FLASH_segment_start__  08000000                   ----  Gb  - Linker created -
  __FLASH_segment_used_end__
                           0800116a                   ----  Gb  - Linker created -
  __FLASH_segment_used_size__
                           0000116a                   ----  Gb  - Linker created -
  __FLASH_segment_used_start__
                           08000000                   ----  Gb  - Linker created -
  __HEAPSIZE__             00000400                   ----  Gb  - Linker created -
  __NVIC_GetPriorityGrouping
                           08000d2d      0x14      4  Code  Lc  stm32f1xx_hal_cortex.o
  __NVIC_SetPriority       08000d41      0x50      4  Code  Lc  stm32f1xx_hal_cortex.o
  __NVIC_SetPriorityGrouping
                           08000ced      0x40      4  Code  Lc  stm32f1xx_hal_cortex.o
  __RAM1_segment_end__     20005000                   ----  Gb  - Linker created -
  __RAM1_segment_size__    00005000                   ----  Gb  - Linker created -
  __RAM1_segment_start__   20000000                   ----  Gb  - Linker created -
  __RAM1_segment_used_end__
                           20005000                   ----  Gb  - Linker created -
  __RAM1_segment_used_size__
                           00005000                   ----  Gb  - Linker created -
  __RAM1_segment_used_start__
                           20000000                   ----  Gb  - Linker created -
  __RAM_segment_end__      20005000                   ----  Gb  - Linker created -
  __RAM_segment_size__     00005000                   ----  Gb  - Linker created -
  __RAM_segment_start__    20000000                   ----  Gb  - Linker created -
  __RAM_segment_used_end__
                           20005000                   ----  Gb  - Linker created -
  __RAM_segment_used_size__
                           00005000                   ----  Gb  - Linker created -
  __RAM_segment_used_start__
                           20000000                   ----  Gb  - Linker created -
  __SEGGER_init_copy       08001151      0x1a      2  Code  Gb  SEGGER_THUMB_Startup.o
  __SEGGER_init_data__     08001130       0x9      4  Cnst  Lc  - Linker created -
  __SEGGER_init_table__    08001110      0x20      4  Cnst  Lc  - Linker created -
  __SEGGER_init_zero       0800113b      0x16      2  Code  Gb  SEGGER_THUMB_Startup.o
  __STACKSIZE_PROCESS__    00000000                   ----  Gb  - Linker created -
  __STACKSIZE__            00000400                   ----  Gb  - Linker created -
  __ctors_end              08001110                   ----  Gb  - Linker created -
  __ctors_end__            08001110                   ----  Gb  - Linker created -
  __ctors_size             00000000                   ----  Gb  - Linker created -
  __ctors_size__           00000000                   ----  Gb  - Linker created -
  __ctors_start            08001110                   ----  Gb  - Linker created -
  __ctors_start__          08001110                   ----  Gb  - Linker created -
  __dtors_end              08001110                   ----  Gb  - Linker created -
  __dtors_end__            08001110                   ----  Gb  - Linker created -
  __dtors_size             00000000                   ----  Gb  - Linker created -
  __dtors_size__           00000000                   ----  Gb  - Linker created -
  __dtors_start            08001110                   ----  Gb  - Linker created -
  __dtors_start__          08001110                   ----  Gb  - Linker created -
  __exidx_end              08001110                   ----  Gb  - Linker created -
  __exidx_end__            08001110                   ----  Gb  - Linker created -
  __exidx_size             00000000                   ----  Gb  - Linker created -
  __exidx_size__           00000000                   ----  Gb  - Linker created -
  __exidx_start            08001110                   ----  Gb  - Linker created -
  __exidx_start__          08001110                   ----  Gb  - Linker created -
  __heap_end               20000410                   ----  Gb  - Linker created -
  __heap_end__             20000410                   ----  Gb  - Linker created -
  __heap_size              00000400                   ----  Gb  - Linker created -
  __heap_size__            00000400                   ----  Gb  - Linker created -
  __heap_start             20000010                   ----  Gb  - Linker created -
  __heap_start__           20000010                   ----  Gb  - Linker created -
  __stack_end              20005000                   ----  Gb  - Linker created -
  __stack_end__            20005000                   ----  Gb  - Linker created -
  __stack_size             00000400                   ----  Gb  - Linker created -
  __stack_size__           00000400                   ----  Gb  - Linker created -
  __stack_start            20004c00                   ----  Gb  - Linker created -
  __stack_start__          20004c00                   ----  Gb  - Linker created -
  __tbss_end               20000000                   ----  Gb  - Linker created -
  __tbss_end__             20000000                   ----  Gb  - Linker created -
  __tbss_size              00000000                   ----  Gb  - Linker created -
  __tbss_size__            00000000                   ----  Gb  - Linker created -
  __tbss_start             20000000                   ----  Gb  - Linker created -
  __tbss_start__           20000000                   ----  Gb  - Linker created -
  __tdata_end              20000000                   ----  Gb  - Linker created -
  __tdata_end__            20000000                   ----  Gb  - Linker created -
  __tdata_load_end         08001110                   ----  Gb  - Linker created -
  __tdata_load_end__       08001110                   ----  Gb  - Linker created -
  __tdata_load_size        00000000                   ----  Gb  - Linker created -
  __tdata_load_size__      00000000                   ----  Gb  - Linker created -
  __tdata_load_start       08001110                   ----  Gb  - Linker created -
  __tdata_load_start__     08001110                   ----  Gb  - Linker created -
  __tdata_size             00000000                   ----  Gb  - Linker created -
  __tdata_size__           00000000                   ----  Gb  - Linker created -
  __tdata_start            20000000                   ----  Gb  - Linker created -
  __tdata_start__          20000000                   ----  Gb  - Linker created -
  __tls_end                20000000                   ----  Gb  - Linker created -
  __tls_end__              20000000                   ----  Gb  - Linker created -
  __tls_size               00000000                   ----  Gb  - Linker created -
  __tls_size__             00000000                   ----  Gb  - Linker created -
  __tls_start              20000000                   ----  Gb  - Linker created -
  __tls_start__            20000000                   ----  Gb  - Linker created -
  __vectors_end            080000c0                   ----  Gb  - Linker created -
  __vectors_end__          080000c0                   ----  Gb  - Linker created -
  __vectors_ram_end        20000000                   ----  Gb  - Linker created -
  __vectors_ram_end__      20000000                   ----  Gb  - Linker created -
  __vectors_ram_size       00000000                   ----  Gb  - Linker created -
  __vectors_ram_size__     00000000                   ----  Gb  - Linker created -
  __vectors_ram_start      20000000                   ----  Gb  - Linker created -
  __vectors_ram_start__    20000000                   ----  Gb  - Linker created -
  __vectors_size           000000c0                   ----  Gb  - Linker created -
  __vectors_size__         000000c0                   ----  Gb  - Linker created -
  __vectors_start          08000000                   ----  Gb  - Linker created -
  __vectors_start__        08000000                   ----  Gb  - Linker created -
  _start                   08000ea5      0x64      4  Code  Gb  SEGGER_THUMB_Startup.o
  _vectors                 08000000      0xc0      2  Code  Gb  Cortex_M_Startup.o
  _vectors_end             080000c0      0xc0      2  Code  Lc  Cortex_M_Startup.o
  ctor_end                 08000edc      0x64      4  Code  Lc  SEGGER_THUMB_Startup.o
  ctor_loop                08000ecc      0x64      4  Code  Lc  SEGGER_THUMB_Startup.o
  ctors$$Base              08001110                   ----  Gb  - Linker created -
  ctors$$Length            00000000                   ----  Gb  - Linker created -
  ctors$$Limit             08001110                   ----  Gb  - Linker created -
  dtors$$Base              08001110                   ----  Gb  - Linker created -
  dtors$$Length            00000000                   ----  Gb  - Linker created -
  dtors$$Limit             08001110                   ----  Gb  - Linker created -
  exidx$$Base              08001110                   ----  Gb  - Linker created -
  exidx$$Length            00000000                   ----  Gb  - Linker created -
  exidx$$Limit             08001110                   ----  Gb  - Linker created -
  exit                     08000eeb      0x64      4  Code  Wk  SEGGER_THUMB_Startup.o
  exit_loop                08000eea      0x64      4  Code  Lc  SEGGER_THUMB_Startup.o
  heap$$Base               20000010                   ----  Gb  - Linker created -
  heap$$Length             00000400                   ----  Gb  - Linker created -
  heap$$Limit              20000410                   ----  Gb  - Linker created -
  main                     08000fd9      0x10      2  Code  Gb  main.o
  memset                   08000f73      0x66      2  Code  Wk  libc2_asm.o (libc_v7m_t_le_eabi.a)
  reset_handler            08000e93      0x64      4  Code  Gb  Cortex_M_Startup.o
  stack$$Base              20004c00                   ----  Gb  - Linker created -
  stack$$Length            00000400                   ----  Gb  - Linker created -
  stack$$Limit             20005000                   ----  Gb  - Linker created -
  start                    08000ee3      0x64      4  Code  Lc  SEGGER_THUMB_Startup.o
  tbss$$Base               20000000                   ----  Gb  - Linker created -
  tbss$$Length             00000000                   ----  Gb  - Linker created -
  tbss$$Limit              20000000                   ----  Gb  - Linker created -
  tdata$$Base              20000000                   ----  Gb  - Linker created -
  tdata$$Length            00000000                   ----  Gb  - Linker created -
  tdata$$Limit             20000000                   ----  Gb  - Linker created -
  tdata_load$$Base         08001110                   ----  Gb  - Linker created -
  tdata_load$$Length       00000000                   ----  Gb  - Linker created -
  tdata_load$$Limit        08001110                   ----  Gb  - Linker created -
  tls$$Base                20000000                   ----  Gb  - Linker created -
  tls$$Length              00000000                   ----  Gb  - Linker created -
  tls$$Limit               20000000                   ----  Gb  - Linker created -
  uwTick                   2000000c       0x4      4  Data  Gb  stm32f1xx_hal.o
  uwTickFreq               20000008       0x1         Data  Gb  stm32f1xx_hal.o
  uwTickPrio               20000000       0x4      4  Data  Gb  stm32f1xx_hal.o
  vectors$$Base            08000000                   ----  Gb  - Linker created -
  vectors$$Length          000000c0                   ----  Gb  - Linker created -
  vectors$$Limit           080000c0                   ----  Gb  - Linker created -
  vectors_ram$$Base        20000000                   ----  Gb  - Linker created -
  vectors_ram$$Length      00000000                   ----  Gb  - Linker created -
  vectors_ram$$Limit       20000000                   ----  Gb  - Linker created -

Symbols by file then by name

  Symbol                   Value         Size  Align  Type      Object
  ------                   -----         ----  -----  ----      ------
  __FLASH1_segment_end__   08010000                   ----  Gb  - Linker created -
  __FLASH1_segment_size__  00010000                   ----  Gb  - Linker created -
  __FLASH1_segment_start__
                           08000000                   ----  Gb  - Linker created -
  __FLASH1_segment_used_end__
                           0800116a                   ----  Gb  - Linker created -
  __FLASH1_segment_used_size__
                           0000116a                   ----  Gb  - Linker created -
  __FLASH1_segment_used_start__
                           08000000                   ----  Gb  - Linker created -
  __FLASH_segment_end__    08010000                   ----  Gb  - Linker created -
  __FLASH_segment_size__   00010000                   ----  Gb  - Linker created -
  __FLASH_segment_start__  08000000                   ----  Gb  - Linker created -
  __FLASH_segment_used_end__
                           0800116a                   ----  Gb  - Linker created -
  __FLASH_segment_used_size__
                           0000116a                   ----  Gb  - Linker created -
  __FLASH_segment_used_start__
                           08000000                   ----  Gb  - Linker created -
  __HEAPSIZE__             00000400                   ----  Gb  - Linker created -
  __RAM1_segment_end__     20005000                   ----  Gb  - Linker created -
  __RAM1_segment_size__    00005000                   ----  Gb  - Linker created -
  __RAM1_segment_start__   20000000                   ----  Gb  - Linker created -
  __RAM1_segment_used_end__
                           20005000                   ----  Gb  - Linker created -
  __RAM1_segment_used_size__
                           00005000                   ----  Gb  - Linker created -
  __RAM1_segment_used_start__
                           20000000                   ----  Gb  - Linker created -
  __RAM_segment_end__      20005000                   ----  Gb  - Linker created -
  __RAM_segment_size__     00005000                   ----  Gb  - Linker created -
  __RAM_segment_start__    20000000                   ----  Gb  - Linker created -
  __RAM_segment_used_end__
                           20005000                   ----  Gb  - Linker created -
  __RAM_segment_used_size__
                           00005000                   ----  Gb  - Linker created -
  __RAM_segment_used_start__
                           20000000                   ----  Gb  - Linker created -
  __SEGGER_init_data__     08001130       0x9      4  Cnst  Lc  - Linker created -
  __SEGGER_init_table__    08001110      0x20      4  Cnst  Lc  - Linker created -
  __STACKSIZE_PROCESS__    00000000                   ----  Gb  - Linker created -
  __STACKSIZE__            00000400                   ----  Gb  - Linker created -
  __ctors_end              08001110                   ----  Gb  - Linker created -
  __ctors_end__            08001110                   ----  Gb  - Linker created -
  __ctors_size             00000000                   ----  Gb  - Linker created -
  __ctors_size__           00000000                   ----  Gb  - Linker created -
  __ctors_start            08001110                   ----  Gb  - Linker created -
  __ctors_start__          08001110                   ----  Gb  - Linker created -
  __dtors_end              08001110                   ----  Gb  - Linker created -
  __dtors_end__            08001110                   ----  Gb  - Linker created -
  __dtors_size             00000000                   ----  Gb  - Linker created -
  __dtors_size__           00000000                   ----  Gb  - Linker created -
  __dtors_start            08001110                   ----  Gb  - Linker created -
  __dtors_start__          08001110                   ----  Gb  - Linker created -
  __exidx_end              08001110                   ----  Gb  - Linker created -
  __exidx_end__            08001110                   ----  Gb  - Linker created -
  __exidx_size             00000000                   ----  Gb  - Linker created -
  __exidx_size__           00000000                   ----  Gb  - Linker created -
  __exidx_start            08001110                   ----  Gb  - Linker created -
  __exidx_start__          08001110                   ----  Gb  - Linker created -
  __heap_end               20000410                   ----  Gb  - Linker created -
  __heap_end__             20000410                   ----  Gb  - Linker created -
  __heap_size              00000400                   ----  Gb  - Linker created -
  __heap_size__            00000400                   ----  Gb  - Linker created -
  __heap_start             20000010                   ----  Gb  - Linker created -
  __heap_start__           20000010                   ----  Gb  - Linker created -
  __stack_end              20005000                   ----  Gb  - Linker created -
  __stack_end__            20005000                   ----  Gb  - Linker created -
  __stack_size             00000400                   ----  Gb  - Linker created -
  __stack_size__           00000400                   ----  Gb  - Linker created -
  __stack_start            20004c00                   ----  Gb  - Linker created -
  __stack_start__          20004c00                   ----  Gb  - Linker created -
  __tbss_end               20000000                   ----  Gb  - Linker created -
  __tbss_end__             20000000                   ----  Gb  - Linker created -
  __tbss_size              00000000                   ----  Gb  - Linker created -
  __tbss_size__            00000000                   ----  Gb  - Linker created -
  __tbss_start             20000000                   ----  Gb  - Linker created -
  __tbss_start__           20000000                   ----  Gb  - Linker created -
  __tdata_end              20000000                   ----  Gb  - Linker created -
  __tdata_end__            20000000                   ----  Gb  - Linker created -
  __tdata_load_end         08001110                   ----  Gb  - Linker created -
  __tdata_load_end__       08001110                   ----  Gb  - Linker created -
  __tdata_load_size        00000000                   ----  Gb  - Linker created -
  __tdata_load_size__      00000000                   ----  Gb  - Linker created -
  __tdata_load_start       08001110                   ----  Gb  - Linker created -
  __tdata_load_start__     08001110                   ----  Gb  - Linker created -
  __tdata_size             00000000                   ----  Gb  - Linker created -
  __tdata_size__           00000000                   ----  Gb  - Linker created -
  __tdata_start            20000000                   ----  Gb  - Linker created -
  __tdata_start__          20000000                   ----  Gb  - Linker created -
  __tls_end                20000000                   ----  Gb  - Linker created -
  __tls_end__              20000000                   ----  Gb  - Linker created -
  __tls_size               00000000                   ----  Gb  - Linker created -
  __tls_size__             00000000                   ----  Gb  - Linker created -
  __tls_start              20000000                   ----  Gb  - Linker created -
  __tls_start__            20000000                   ----  Gb  - Linker created -
  __vectors_end            080000c0                   ----  Gb  - Linker created -
  __vectors_end__          080000c0                   ----  Gb  - Linker created -
  __vectors_ram_end        20000000                   ----  Gb  - Linker created -
  __vectors_ram_end__      20000000                   ----  Gb  - Linker created -
  __vectors_ram_size       00000000                   ----  Gb  - Linker created -
  __vectors_ram_size__     00000000                   ----  Gb  - Linker created -
  __vectors_ram_start      20000000                   ----  Gb  - Linker created -
  __vectors_ram_start__    20000000                   ----  Gb  - Linker created -
  __vectors_size           000000c0                   ----  Gb  - Linker created -
  __vectors_size__         000000c0                   ----  Gb  - Linker created -
  __vectors_start          08000000                   ----  Gb  - Linker created -
  __vectors_start__        08000000                   ----  Gb  - Linker created -
  ctors$$Base              08001110                   ----  Gb  - Linker created -
  ctors$$Length            00000000                   ----  Gb  - Linker created -
  ctors$$Limit             08001110                   ----  Gb  - Linker created -
  dtors$$Base              08001110                   ----  Gb  - Linker created -
  dtors$$Length            00000000                   ----  Gb  - Linker created -
  dtors$$Limit             08001110                   ----  Gb  - Linker created -
  exidx$$Base              08001110                   ----  Gb  - Linker created -
  exidx$$Length            00000000                   ----  Gb  - Linker created -
  exidx$$Limit             08001110                   ----  Gb  - Linker created -
  heap$$Base               20000010                   ----  Gb  - Linker created -
  heap$$Length             00000400                   ----  Gb  - Linker created -
  heap$$Limit              20000410                   ----  Gb  - Linker created -
  stack$$Base              20004c00                   ----  Gb  - Linker created -
  stack$$Length            00000400                   ----  Gb  - Linker created -
  stack$$Limit             20005000                   ----  Gb  - Linker created -
  tbss$$Base               20000000                   ----  Gb  - Linker created -
  tbss$$Length             00000000                   ----  Gb  - Linker created -
  tbss$$Limit              20000000                   ----  Gb  - Linker created -
  tdata$$Base              20000000                   ----  Gb  - Linker created -
  tdata$$Length            00000000                   ----  Gb  - Linker created -
  tdata$$Limit             20000000                   ----  Gb  - Linker created -
  tdata_load$$Base         08001110                   ----  Gb  - Linker created -
  tdata_load$$Length       00000000                   ----  Gb  - Linker created -
  tdata_load$$Limit        08001110                   ----  Gb  - Linker created -
  tls$$Base                20000000                   ----  Gb  - Linker created -
  tls$$Length              00000000                   ----  Gb  - Linker created -
  tls$$Limit               20000000                   ----  Gb  - Linker created -
  vectors$$Base            08000000                   ----  Gb  - Linker created -
  vectors$$Length          000000c0                   ----  Gb  - Linker created -
  vectors$$Limit           080000c0                   ----  Gb  - Linker created -
  vectors_ram$$Base        20000000                   ----  Gb  - Linker created -
  vectors_ram$$Length      00000000                   ----  Gb  - Linker created -
  vectors_ram$$Limit       20000000                   ----  Gb  - Linker created -
  BusFault_Handler         08000e47      0x64      4  Code  Wk  Cortex_M_Startup.o
  DebugMon_Handler         08000e4d      0x64      4  Code  Wk  Cortex_M_Startup.o
  ExternalISR0             08000e53      0x64      4  Code  Wk  Cortex_M_Startup.o
  ExternalISR1             08000e55      0x64      4  Code  Wk  Cortex_M_Startup.o
  ExternalISR10            08000e67      0x64      4  Code  Wk  Cortex_M_Startup.o
  ExternalISR11            08000e69      0x64      4  Code  Wk  Cortex_M_Startup.o
  ExternalISR12            08000e6b      0x64      4  Code  Wk  Cortex_M_Startup.o
  ExternalISR13            08000e6d      0x64      4  Code  Wk  Cortex_M_Startup.o
  ExternalISR14            08000e6f      0x64      4  Code  Wk  Cortex_M_Startup.o
  ExternalISR15            08000e71      0x64      4  Code  Wk  Cortex_M_Startup.o
  ExternalISR16            08000e73      0x64      4  Code  Wk  Cortex_M_Startup.o
  ExternalISR17            08000e75      0x64      4  Code  Wk  Cortex_M_Startup.o
  ExternalISR18            08000e77      0x64      4  Code  Wk  Cortex_M_Startup.o
  ExternalISR19            08000e79      0x64      4  Code  Wk  Cortex_M_Startup.o
  ExternalISR2             08000e57      0x64      4  Code  Wk  Cortex_M_Startup.o
  ExternalISR20            08000e7b      0x64      4  Code  Wk  Cortex_M_Startup.o
  ExternalISR21            08000e7d      0x64      4  Code  Wk  Cortex_M_Startup.o
  ExternalISR22            08000e7f      0x64      4  Code  Wk  Cortex_M_Startup.o
  ExternalISR23            08000e81      0x64      4  Code  Wk  Cortex_M_Startup.o
  ExternalISR24            08000e83      0x64      4  Code  Wk  Cortex_M_Startup.o
  ExternalISR25            08000e85      0x64      4  Code  Wk  Cortex_M_Startup.o
  ExternalISR26            08000e87      0x64      4  Code  Wk  Cortex_M_Startup.o
  ExternalISR27            08000e89      0x64      4  Code  Wk  Cortex_M_Startup.o
  ExternalISR28            08000e8b      0x64      4  Code  Wk  Cortex_M_Startup.o
  ExternalISR29            08000e8d      0x64      4  Code  Wk  Cortex_M_Startup.o
  ExternalISR3             08000e59      0x64      4  Code  Wk  Cortex_M_Startup.o
  ExternalISR30            08000e8f      0x64      4  Code  Wk  Cortex_M_Startup.o
  ExternalISR31            08000e91      0x64      4  Code  Wk  Cortex_M_Startup.o
  ExternalISR4             08000e5b      0x64      4  Code  Wk  Cortex_M_Startup.o
  ExternalISR5             08000e5d      0x64      4  Code  Wk  Cortex_M_Startup.o
  ExternalISR6             08000e5f      0x64      4  Code  Wk  Cortex_M_Startup.o
  ExternalISR7             08000e61      0x64      4  Code  Wk  Cortex_M_Startup.o
  ExternalISR8             08000e63      0x64      4  Code  Wk  Cortex_M_Startup.o
  ExternalISR9             08000e65      0x64      4  Code  Wk  Cortex_M_Startup.o
  HardFault_Handler        08000e43      0x64      4  Code  Wk  Cortex_M_Startup.o
  MemManage_Handler        08000e45      0x64      4  Code  Wk  Cortex_M_Startup.o
  NMI_Handler              08000e41      0x64      4  Code  Wk  Cortex_M_Startup.o
  PendSV_Handler           08000e4f      0x64      4  Code  Wk  Cortex_M_Startup.o
  Reset_Handler            08000e93      0x64      4  Code  Gb  Cortex_M_Startup.o
  SVC_Handler              08000e4b      0x64      4  Code  Wk  Cortex_M_Startup.o
  SysTick_Handler          08000e51      0x64      4  Code  Wk  Cortex_M_Startup.o
  SystemInit               08000e9f      0x64      4  Code  Wk  Cortex_M_Startup.o
  UsageFault_Handler       08000e49      0x64      4  Code  Wk  Cortex_M_Startup.o
  _vectors                 08000000      0xc0      2  Code  Gb  Cortex_M_Startup.o
  _vectors_end             080000c0      0xc0      2  Code  Lc  Cortex_M_Startup.o
  reset_handler            08000e93      0x64      4  Code  Gb  Cortex_M_Startup.o
  __SEGGER_init_copy       08001151      0x1a      2  Code  Gb  SEGGER_THUMB_Startup.o
  __SEGGER_init_zero       0800113b      0x16      2  Code  Gb  SEGGER_THUMB_Startup.o
  _start                   08000ea5      0x64      4  Code  Gb  SEGGER_THUMB_Startup.o
  ctor_end                 08000edc      0x64      4  Code  Lc  SEGGER_THUMB_Startup.o
  ctor_loop                08000ecc      0x64      4  Code  Lc  SEGGER_THUMB_Startup.o
  exit                     08000eeb      0x64      4  Code  Wk  SEGGER_THUMB_Startup.o
  exit_loop                08000eea      0x64      4  Code  Lc  SEGGER_THUMB_Startup.o
  start                    08000ee3      0x64      4  Code  Lc  SEGGER_THUMB_Startup.o
  memset                   08000f73      0x66      2  Code  Wk  libc2_asm.o (libc_v7m_t_le_eabi.a)
  Error_Handler            08001059       0x4      2  Code  Gb  main.o
  MX_GPIO_Init             080000c1      0x60      4  Code  Lc  main.o
  SystemClock_Config       08000fe9      0x70      2  Code  Gb  main.o
  main                     08000fd9      0x10      2  Code  Gb  main.o
  HAL_GetTick              08000221       0xc      4  Code  Wk  stm32f1xx_hal.o
  HAL_IncTick              08000205      0x1c      4  Code  Wk  stm32f1xx_hal.o
  HAL_Init                 0800017d      0x28      4  Code  Gb  stm32f1xx_hal.o
  HAL_InitTick             080001a5      0x60      4  Code  Wk  stm32f1xx_hal.o
  uwTick                   2000000c       0x4      4  Data  Gb  stm32f1xx_hal.o
  uwTickFreq               20000008       0x1         Data  Gb  stm32f1xx_hal.o
  uwTickPrio               20000000       0x4      4  Data  Gb  stm32f1xx_hal.o
  HAL_NVIC_SetPriority     080010d9      0x38      2  Code  Gb  stm32f1xx_hal_cortex.o
  HAL_NVIC_SetPriorityGrouping
                           080010c5      0x14      2  Code  Gb  stm32f1xx_hal_cortex.o
  HAL_SYSTICK_Config       08000f5d      0x16      2  Code  Gb  stm32f1xx_hal_cortex.o
  NVIC_EncodePriority      0800106d      0x58      2  Code  Lc  stm32f1xx_hal_cortex.o
  SysTick_Config           08000d91      0x40      4  Code  Lc  stm32f1xx_hal_cortex.o
  __NVIC_GetPriorityGrouping
                           08000d2d      0x14      4  Code  Lc  stm32f1xx_hal_cortex.o
  __NVIC_SetPriority       08000d41      0x50      4  Code  Lc  stm32f1xx_hal_cortex.o
  __NVIC_SetPriorityGrouping
                           08000ced      0x40      4  Code  Lc  stm32f1xx_hal_cortex.o
  HAL_GPIO_Init            080009ed     0x300      4  Code  Gb  stm32f1xx_hal_gpio.o
  HAL_GPIO_WritePin        08000f2b      0x32      2  Code  Gb  stm32f1xx_hal_gpio.o
  HAL_MspInit              08000121      0x5c      4  Code  Gb  stm32f1xx_hal_msp.o
  HAL_RCC_ClockConfig      08000731     0x1d0      4  Code  Gb  stm32f1xx_hal_rcc.o
  HAL_RCC_GetSysClockFreq  08000901      0xb8      4  Code  Gb  stm32f1xx_hal_rcc.o
  HAL_RCC_OscConfig        0800022d     0x504      4  Code  Gb  stm32f1xx_hal_rcc.o
  RCC_Delay                080009b9      0x34      4  Code  Lc  stm32f1xx_hal_rcc.o
  BusFault_Handler         08000f1d       0x2      2  Code  Gb  stm32f1xx_it.o
  DebugMon_Handler         08001065       0x4      2  Code  Gb  stm32f1xx_it.o
  HardFault_Handler        08000f19       0x2      2  Code  Gb  stm32f1xx_it.o
  MemManage_Handler        08000f1b       0x2      2  Code  Gb  stm32f1xx_it.o
  NMI_Handler              0800105d       0x4      2  Code  Gb  stm32f1xx_it.o
  PendSV_Handler           08001069       0x4      2  Code  Gb  stm32f1xx_it.o
  SVC_Handler              08001061       0x4      2  Code  Gb  stm32f1xx_it.o
  SysTick_Handler          08000f21       0xa      2  Code  Gb  stm32f1xx_it.o
  UsageFault_Handler       08000f1f       0x2      2  Code  Gb  stm32f1xx_it.o
  AHBPrescTable            08000e30      0x10      4  Cnst  Gb  system_stm32f1xx.o
  SystemCoreClock          20000004       0x4      4  Data  Gb  system_stm32f1xx.o
  SystemInit               08000dd1      0x60      4  Code  Gb  system_stm32f1xx.o


***************************************************************************************
***                                                                                 ***
***                                  LINK SUMMARY                                   ***
***                                                                                 ***
***************************************************************************************

Link complete: 0 errors, 0 warnings, 0 remarks

  Name             Range           Size       Allocated         Used   Loading  (Alignment loss)
  ---------- -------- -------- --------   -------- -------- --------   -------  ----------------
  FLASH      08000000 0800ffff    65536   08000000 08001169     4458     6.80%         1   0.02%
  RAM        20000000 20004fff    20480   20000000 20004fff    20480   100.00%     18419  89.94%

Section composition:

      4384  RX         9  RW
        73  RO      2052  ZI
  ------------   -----------
      4457 ROM      2061 RAM
